// Jest Snapshot v1, https://goo.gl/fbAQLP

exports[`Gift should render properly 1`] = `ShallowWrapper {}`;
